[2026-08-11 15:23:12] ==========================================
[2026-08-11 15:23:12] Starting Deployment Process
[2026-08-11 15:23:12] ==========================================
[2026-08-11 15:23:12] Checking prerequisites...
[0;32m[SUCCESS] Docker is installed[0m
[0;32m[SUCCESS] Docker Compose is installed[0m
[2026-08-11 15:23:12] Stopping existing containers...
[0;32m[SUCCESS] Containers stopped[0m
[2026-08-11 15:23:23] Building and starting containers...
#1 [internal] load local bake definitions
#1 reading from stdin 1.71kB done
#1 DONE 0.0s

#2 [frontend internal] load build definition from Dockerfile
#2 transferring dockerfile: 885B done
#2 DONE 0.0s

#3 [backend internal] load build definition from Dockerfile
#3 transferring dockerfile: 1.77kB done
#3 DONE 0.0s

#4 [worker internal] load build definition from Dockerfile.worker
#4 transferring dockerfile: 852B done
#4 DONE 0.0s

#5 [worker] resolve image config for docker-image://docker.io/docker/dockerfile:1
#5 DONE 2.1s

#6 [frontend] docker-image://docker.io/docker/dockerfile:1@sha256:87999aa3d42bdc6bea60565083ee17e86d1f3339802f543c0d03998580f9cb89
#6 CACHED

#7 [backend internal] load metadata for docker.io/library/python:3.13.3-slim
#7 DONE 1.3s

#8 [worker internal] load .dockerignore
#8 transferring context: 671B done
#8 DONE 0.0s

#9 [worker base 1/5] FROM docker.io/library/python:3.13.3-slim@sha256:56a11364ffe0fee3bd60af6d6d5209eba8a99c2c16dc4c7c5861dc06261503cc
#9 DONE 0.0s

#10 [backend internal] load build context
#10 transferring context: 2.48kB 0.0s done
#10 DONE 0.0s

#11 [worker 4/6] COPY requirements.txt requirements.txt
#11 CACHED

#12 [worker 5/6] RUN python -m pip install -r requirements.txt
#12 CACHED

#13 [worker 6/6] COPY . .
#13 CACHED

#14 [backend base 2/5] WORKDIR /app
#14 CACHED

#15 [backend base 3/5] RUN adduser     --disabled-password     --gecos ""     --home "/nonexistent"     --shell "/sbin/nologin"     --no-create-home     --uid "10001"     appuser
#15 CACHED

#16 [backend base 4/5] RUN --mount=type=cache,target=/root/.cache/pip     --mount=type=bind,source=requirements.txt,target=requirements.txt     python -m pip install -r requirements.txt
#16 CACHED

#17 [backend base 5/5] COPY . .
#17 CACHED

#18 [backend] exporting to image
#18 exporting layers done
#18 writing image sha256:a040e33ccd525b9705a419af740395233120d0cb93b02289484acfcb38630db9 done
#18 naming to docker.io/library/candidate-hiring-project-backend done
#18 DONE 0.0s

#19 [worker] exporting to image
#19 exporting layers done
#19 writing image sha256:fcd50f5187747f5790cad3050e15a3463465b72a88d662d3ab75a6fc4fefc226 done
#19 naming to docker.io/library/candidate-hiring-project-worker done
#19 DONE 0.0s

#20 [backend] resolving provenance for metadata file
#20 DONE 0.0s

#21 [worker] resolving provenance for metadata file
#21 DONE 0.0s

#22 [frontend internal] load metadata for docker.io/library/node:20.18.1-alpine
#22 DONE 1.8s

#23 [frontend internal] load .dockerignore
#23 transferring context: 364B done
#23 DONE 0.0s

#24 [frontend base 1/2] FROM docker.io/library/node:20.18.1-alpine@sha256:24fb6aa7020d9a20b00d6da6d1714187c45ed00d1eb4adb01395843c338b9372
#24 DONE 0.0s

#25 [frontend internal] load build context
#25 transferring context: 4.13kB done
#25 DONE 0.0s

#26 [frontend base 2/2] WORKDIR /app
#26 CACHED

#27 [frontend runner 1/5] RUN addgroup --system --gid 1001 nodejs
#27 CACHED

#28 [frontend builder 2/3] COPY . .
#28 CACHED

#29 [frontend runner 2/5] RUN adduser --system --uid 1001 nextjs
#29 CACHED

#30 [frontend deps 2/2] RUN npm ci
#30 CACHED

#31 [frontend runner 4/5] COPY --from=builder --chown=nextjs:nodejs /app/.next/standalone ./
#31 CACHED

#32 [frontend runner 3/5] COPY --from=builder /app/public ./public
#32 CACHED

#33 [frontend builder 1/3] COPY --from=deps /app/node_modules ./node_modules
#33 CACHED

#34 [frontend deps 1/2] COPY package.json package-lock.json* ./
#34 CACHED

#35 [frontend builder 3/3] RUN npm run build
#35 CACHED

#36 [frontend runner 5/5] COPY --from=builder --chown=nextjs:nodejs /app/.next/static ./.next/static
#36 CACHED

#37 [frontend] exporting to image
#37 exporting layers done
#37 writing image sha256:f82caf45b69e930f839f1b5e0889e0c28187e3191e4b3640dedbafd3c527d3ad done
#37 naming to docker.io/library/candidate-hiring-project-frontend done
#37 DONE 0.0s

#38 [frontend] resolving provenance for metadata file
#38 DONE 0.0s
[0;32m[SUCCESS] Containers built and started[0m
[2026-08-11 15:23:39] Waiting for services to start...
[2026-08-11 15:23:49] Checking health of Backend API...
[0;32m[SUCCESS] Backend API is healthy[0m
[2026-08-11 15:23:49] Checking health of Frontend...
[0;32m[SUCCESS] Frontend is healthy[0m
[2026-08-11 15:23:49] Container Status:
NAME                                  IMAGE                               COMMAND                  SERVICE    CREATED          STATUS                    PORTS
candidate-hiring-project-backend-1    candidate-hiring-project-backend    "/bin/sh -c 'alembic…"   backend    21 seconds ago   Up 10 seconds             0.0.0.0:8000->8000/tcp, [::]:8000->8000/tcp
candidate-hiring-project-frontend-1   candidate-hiring-project-frontend   "docker-entrypoint.s…"   frontend   21 seconds ago   Up 10 seconds             0.0.0.0:3000->3000/tcp, [::]:3000->3000/tcp
candidate-hiring-project-worker-1     candidate-hiring-project-worker     "python -m src.queue…"   worker     21 seconds ago   Up 10 seconds             
candidate_hiring_project_db           postgres:latest                     "docker-entrypoint.s…"   db         21 seconds ago   Up 21 seconds (healthy)   5432/tcp
redis                                 redis:latest                        "docker-entrypoint.s…"   redis      21 seconds ago   Up 21 seconds             0.0.0.0:6379->6379/tcp, [::]:6379->6379/tcp
[2026-08-11 15:23:49] ==========================================
[2026-08-11 15:23:49] Deployment Completed Successfully
[2026-08-11 15:23:49] ==========================================
[2026-08-11 15:23:49] Frontend: http://localhost:3000
[2026-08-11 15:23:49] Backend API: http://localhost:8000
[2026-08-11 15:23:49] API Docs: http://localhost:8000/docs
[2026-08-11 15:23:49] Logs saved to: /home/prosy-arceno/Desktop/personal/candidate-hiring-project/logs/deployment_20260811_152312.log
