[2026-08-11 15:00:52] ==========================================
[2026-08-11 15:00:52] Starting Deployment Process
[2026-08-11 15:00:52] ==========================================
[2026-08-11 15:00:52] Checking prerequisites...
[0;32m[SUCCESS] Docker is installed[0m
[0;32m[SUCCESS] Docker Compose is installed[0m
[2026-08-11 15:00:52] Stopping existing containers...
[0;32m[SUCCESS] Containers stopped[0m
[2026-08-11 15:01:03] Building and starting containers...
#1 [internal] load local bake definitions
#1 reading from stdin 1.71kB done
#1 DONE 0.0s

#2 [worker internal] load build definition from Dockerfile.worker
#2 transferring dockerfile: 852B done
#2 DONE 0.0s

#3 [frontend internal] load build definition from Dockerfile
#3 transferring dockerfile: 885B done
#3 DONE 0.0s

#4 [backend internal] load build definition from Dockerfile
#4 transferring dockerfile: 1.77kB done
#4 DONE 0.0s

#5 [backend] resolve image config for docker-image://docker.io/docker/dockerfile:1
#5 DONE 2.0s

#6 [backend] docker-image://docker.io/docker/dockerfile:1@sha256:87999aa3d42bdc6bea60565083ee17e86d1f3339802f543c0d03998580f9cb89
#6 CACHED

#7 [worker internal] load metadata for docker.io/library/python:3.13.3-slim
#7 ...

#8 [frontend internal] load metadata for docker.io/library/node:20.18.1-alpine
#8 DONE 1.6s

#7 [backend internal] load metadata for docker.io/library/python:3.13.3-slim
#7 DONE 1.7s

#9 [frontend internal] load .dockerignore
#9 transferring context: 364B done
#9 DONE 0.0s

#10 [backend internal] load .dockerignore
#10 transferring context: 671B done
#10 DONE 0.0s

#11 [backend 1/6] FROM docker.io/library/python:3.13.3-slim@sha256:56a11364ffe0fee3bd60af6d6d5209eba8a99c2c16dc4c7c5861dc06261503cc
#11 DONE 0.0s

#12 [frontend base 1/2] FROM docker.io/library/node:20.18.1-alpine@sha256:24fb6aa7020d9a20b00d6da6d1714187c45ed00d1eb4adb01395843c338b9372
#12 DONE 0.0s

#13 [frontend internal] load build context
#13 transferring context: 881B done
#13 DONE 0.0s

#14 [backend internal] load build context
#14 transferring context: 2.48kB 0.0s done
#14 transferring context: 2.48kB 0.0s done
#14 DONE 0.0s

#15 [frontend base 2/2] WORKDIR /app
#15 CACHED

#16 [frontend runner 4/5] COPY --from=builder --chown=nextjs:nodejs /app/.next/standalone ./
#16 CACHED

#17 [frontend runner 3/5] COPY --from=builder /app/public ./public
#17 CACHED

#18 [frontend deps 2/2] RUN npm ci
#18 CACHED

#19 [frontend builder 1/3] COPY --from=deps /app/node_modules ./node_modules
#19 CACHED

#20 [frontend runner 2/5] RUN adduser --system --uid 1001 nextjs
#20 CACHED

#21 [frontend deps 1/2] COPY package.json package-lock.json* ./
#21 CACHED

#22 [frontend builder 2/3] COPY . .
#22 CACHED

#23 [frontend runner 1/5] RUN addgroup --system --gid 1001 nodejs
#23 CACHED

#24 [frontend builder 3/3] RUN npm run build
#24 CACHED

#25 [frontend runner 5/5] COPY --from=builder --chown=nextjs:nodejs /app/.next/static ./.next/static
#25 CACHED

#26 [backend base 4/5] RUN --mount=type=cache,target=/root/.cache/pip     --mount=type=bind,source=requirements.txt,target=requirements.txt     python -m pip install -r requirements.txt
#26 CACHED

#27 [backend base 5/5] COPY . .
#27 CACHED

#28 [worker 5/6] RUN python -m pip install -r requirements.txt
#28 CACHED

#29 [worker 4/6] COPY requirements.txt requirements.txt
#29 CACHED

#30 [worker 2/6] WORKDIR /app
#30 CACHED

#31 [worker 3/6] RUN adduser     --disabled-password     --gecos ""     --home "/nonexistent"     --shell "/sbin/nologin"     --no-create-home     --uid "10001"     appuser
#31 CACHED

#32 [worker 6/6] COPY . .
#32 CACHED

#33 [frontend] exporting to image
#33 exporting layers done
#33 writing image sha256:afeb27801b706075387d649170ee12db014aedf507df43fcd82f19e713926e16 done
#33 naming to docker.io/library/candidate-hiring-project-frontend 0.0s done
#33 DONE 0.1s

#34 [backend] exporting to image
#34 exporting layers done
#34 writing image sha256:a040e33ccd525b9705a419af740395233120d0cb93b02289484acfcb38630db9 0.0s done
#34 naming to docker.io/library/candidate-hiring-project-backend 0.0s done
#34 DONE 0.0s

#35 [worker] exporting to image
#35 exporting layers done
#35 writing image sha256:fcd50f5187747f5790cad3050e15a3463465b72a88d662d3ab75a6fc4fefc226 0.0s done
#35 naming to docker.io/library/candidate-hiring-project-worker 0.0s done
#35 DONE 0.0s

#36 [frontend] resolving provenance for metadata file
#36 DONE 0.0s

#37 [backend] resolving provenance for metadata file
#37 DONE 0.0s

#38 [worker] resolving provenance for metadata file
#38 DONE 0.0s
[0;32m[SUCCESS] Containers built and started[0m
[2026-08-11 15:01:19] Waiting for services to start...
[2026-08-11 15:01:29] Checking health of Backend API...
[0;32m[SUCCESS] Backend API is healthy[0m
[2026-08-11 15:01:29] Checking health of Frontend...
[0;32m[SUCCESS] Frontend is healthy[0m
[2026-08-11 15:01:29] Container Status:
NAME                                  IMAGE                               COMMAND                  SERVICE    CREATED          STATUS                    PORTS
candidate-hiring-project-backend-1    candidate-hiring-project-backend    "/bin/sh -c 'alembic…"   backend    21 seconds ago   Up 10 seconds             0.0.0.0:8000->8000/tcp, [::]:8000->8000/tcp
candidate-hiring-project-frontend-1   candidate-hiring-project-frontend   "docker-entrypoint.s…"   frontend   21 seconds ago   Up 10 seconds             0.0.0.0:3000->3000/tcp, [::]:3000->3000/tcp
candidate-hiring-project-worker-1     candidate-hiring-project-worker     "python -m src.queue…"   worker     21 seconds ago   Up 10 seconds             
candidate_hiring_project_db           postgres:latest                     "docker-entrypoint.s…"   db         22 seconds ago   Up 21 seconds (healthy)   5432/tcp
redis                                 redis:latest                        "docker-entrypoint.s…"   redis      22 seconds ago   Up 21 seconds             0.0.0.0:6379->6379/tcp, [::]:6379->6379/tcp
[2026-08-11 15:01:29] ==========================================
[2026-08-11 15:01:29] Deployment Completed Successfully
[2026-08-11 15:01:29] ==========================================
[2026-08-11 15:01:29] Frontend: http://localhost:3000
[2026-08-11 15:01:29] Backend API: http://localhost:8000
[2026-08-11 15:01:29] API Docs: http://localhost:8000/docs
[2026-08-11 15:01:29] Logs saved to: /home/prosy-arceno/Desktop/personal/candidate-hiring-project/logs/deployment_20260811_150052.log
