[2026-08-11 15:27:42] ==========================================
[2026-08-11 15:27:42] Starting Deployment Process
[2026-08-11 15:27:42] ==========================================
[2026-08-11 15:27:42] Checking prerequisites...
[0;32m[SUCCESS] Docker is installed[0m
[0;32m[SUCCESS] Docker Compose is installed[0m
[2026-08-11 15:27:42] Stopping existing containers...
[0;32m[SUCCESS] Containers stopped[0m
[2026-08-11 15:27:53] Building and starting containers...
#1 [internal] load local bake definitions
#1 reading from stdin 1.71kB done
#1 DONE 0.0s

#2 [frontend internal] load build definition from Dockerfile
#2 transferring dockerfile: 885B done
#2 DONE 0.0s

#3 [worker internal] load build definition from Dockerfile.worker
#3 transferring dockerfile: 852B done
#3 DONE 0.0s

#4 [backend internal] load build definition from Dockerfile
#4 transferring dockerfile: 1.77kB done
#4 DONE 0.0s

#5 [backend] resolve image config for docker-image://docker.io/docker/dockerfile:1
#5 DONE 0.8s

#6 [worker] docker-image://docker.io/docker/dockerfile:1@sha256:87999aa3d42bdc6bea60565083ee17e86d1f3339802f543c0d03998580f9cb89
#6 CACHED

#7 [worker internal] load metadata for docker.io/library/python:3.13.3-slim
#7 ...

#8 [frontend internal] load metadata for docker.io/library/node:20.18.1-alpine
#8 DONE 0.8s

#7 [backend internal] load metadata for docker.io/library/python:3.13.3-slim
#7 DONE 0.8s

#9 [frontend internal] load .dockerignore
#9 transferring context: 364B done
#9 DONE 0.0s

#10 [backend internal] load .dockerignore
#10 transferring context: 671B done
#10 DONE 0.0s

#11 [frontend base 1/2] FROM docker.io/library/node:20.18.1-alpine@sha256:24fb6aa7020d9a20b00d6da6d1714187c45ed00d1eb4adb01395843c338b9372
#11 DONE 0.0s

#12 [worker base 1/5] FROM docker.io/library/python:3.13.3-slim@sha256:56a11364ffe0fee3bd60af6d6d5209eba8a99c2c16dc4c7c5861dc06261503cc
#12 DONE 0.0s

#13 [frontend internal] load build context
#13 transferring context: 881B done
#13 DONE 0.0s

#14 [worker internal] load build context
#14 transferring context: 2.48kB 0.0s done
#14 DONE 0.0s

#15 [backend base 4/5] RUN --mount=type=cache,target=/root/.cache/pip     --mount=type=bind,source=requirements.txt,target=requirements.txt     python -m pip install -r requirements.txt
#15 CACHED

#16 [backend base 5/5] COPY . .
#16 CACHED

#17 [worker 4/6] COPY requirements.txt requirements.txt
#17 CACHED

#18 [worker base 2/5] WORKDIR /app
#18 CACHED

#19 [worker 5/6] RUN python -m pip install -r requirements.txt
#19 CACHED

#20 [worker base 3/5] RUN adduser     --disabled-password     --gecos ""     --home "/nonexistent"     --shell "/sbin/nologin"     --no-create-home     --uid "10001"     appuser
#20 CACHED

#21 [worker 6/6] COPY . .
#21 CACHED

#22 [frontend runner 2/5] RUN adduser --system --uid 1001 nextjs
#22 CACHED

#23 [frontend deps 1/2] COPY package.json package-lock.json* ./
#23 CACHED

#24 [frontend runner 1/5] RUN addgroup --system --gid 1001 nodejs
#24 CACHED

#25 [frontend builder 3/3] RUN npm run build
#25 CACHED

#26 [frontend deps 2/2] RUN npm ci
#26 CACHED

#27 [frontend runner 4/5] COPY --from=builder --chown=nextjs:nodejs /app/.next/standalone ./
#27 CACHED

#28 [frontend builder 2/3] COPY . .
#28 CACHED

#29 [frontend base 2/2] WORKDIR /app
#29 CACHED

#30 [frontend builder 1/3] COPY --from=deps /app/node_modules ./node_modules
#30 CACHED

#31 [frontend runner 3/5] COPY --from=builder /app/public ./public
#31 CACHED

#32 [frontend runner 5/5] COPY --from=builder --chown=nextjs:nodejs /app/.next/static ./.next/static
#32 CACHED

#33 [backend] exporting to image
#33 exporting layers done
#33 writing image sha256:a040e33ccd525b9705a419af740395233120d0cb93b02289484acfcb38630db9 done
#33 naming to docker.io/library/candidate-hiring-project-backend done
#33 DONE 0.0s

#34 [worker] exporting to image
#34 exporting layers done
#34 writing image sha256:fcd50f5187747f5790cad3050e15a3463465b72a88d662d3ab75a6fc4fefc226 done
#34 naming to docker.io/library/candidate-hiring-project-worker done
#34 DONE 0.0s

#35 [frontend] exporting to image
#35 exporting layers done
#35 writing image sha256:f82caf45b69e930f839f1b5e0889e0c28187e3191e4b3640dedbafd3c527d3ad done
#35 naming to docker.io/library/candidate-hiring-project-frontend done
#35 DONE 0.0s

#36 [frontend] resolving provenance for metadata file
#36 DONE 0.0s

#37 [worker] resolving provenance for metadata file
#37 DONE 0.0s

#38 [backend] resolving provenance for metadata file
#38 DONE 0.0s
[0;32m[SUCCESS] Containers built and started[0m
[2026-08-11 15:28:07] Waiting for services to start...
[2026-08-11 15:28:17] Checking health of Backend API...
[0;32m[SUCCESS] Backend API is healthy[0m
[2026-08-11 15:28:17] Checking health of Frontend...
[0;32m[SUCCESS] Frontend is healthy[0m
[2026-08-11 15:28:17] Container Status:
NAME                                  IMAGE                               COMMAND                  SERVICE    CREATED          STATUS                    PORTS
candidate-hiring-project-backend-1    candidate-hiring-project-backend    "/bin/sh -c 'alembic…"   backend    21 seconds ago   Up 10 seconds             0.0.0.0:8000->8000/tcp, [::]:8000->8000/tcp
candidate-hiring-project-frontend-1   candidate-hiring-project-frontend   "docker-entrypoint.s…"   frontend   21 seconds ago   Up 10 seconds             0.0.0.0:3000->3000/tcp, [::]:3000->3000/tcp
candidate-hiring-project-worker-1     candidate-hiring-project-worker     "python -m src.queue…"   worker     21 seconds ago   Up 10 seconds             
candidate_hiring_project_db           postgres:latest                     "docker-entrypoint.s…"   db         21 seconds ago   Up 21 seconds (healthy)   5432/tcp
redis                                 redis:latest                        "docker-entrypoint.s…"   redis      21 seconds ago   Up 21 seconds             0.0.0.0:6379->6379/tcp, [::]:6379->6379/tcp
[2026-08-11 15:28:17] ==========================================
[2026-08-11 15:28:17] Deployment Completed Successfully
[2026-08-11 15:28:17] ==========================================
[2026-08-11 15:28:17] Frontend: http://localhost:3000
[2026-08-11 15:28:17] Backend API: http://localhost:8000
[2026-08-11 15:28:17] API Docs: http://localhost:8000/docs
[2026-08-11 15:28:17] Logs saved to: /home/prosy-arceno/Desktop/personal/candidate-hiring-project/logs/deployment_20260811_152742.log
